d:\demo\my_win\c++\zlgcan_c++_250528\c++_usbcan_e_u_250528\usbcan_e_u\usbcan_e_u\debug\usbcan_e_u.pch
d:\demo\my_win\c++\zlgcan_c++_250528\c++_usbcan_e_u_250528\usbcan_e_u\usbcan_e_u\debug\vc120.pdb
d:\demo\my_win\c++\zlgcan_c++_250528\c++_usbcan_e_u_250528\usbcan_e_u\usbcan_e_u\debug\vc120.idb
d:\demo\my_win\c++\zlgcan_c++_250528\c++_usbcan_e_u_250528\usbcan_e_u\usbcan_e_u\debug\stdafx.obj
d:\demo\my_win\c++\zlgcan_c++_250528\c++_usbcan_e_u_250528\usbcan_e_u\usbcan_e_u\debug\usbcan_e_u.obj
d:\demo\my_win\c++\zlgcan_c++_250624\c++_usbcan_e_u_250626\usbcan_e_u\usbcan_e_u\debug\usbcan_e_u.pch
d:\demo\my_win\c++\zlgcan_c++_250624\c++_usbcan_e_u_250626\usbcan_e_u\usbcan_e_u\debug\vc120.pdb
d:\demo\my_win\c++\zlgcan_c++_250624\c++_usbcan_e_u_250626\usbcan_e_u\usbcan_e_u\debug\vc120.idb
d:\demo\my_win\c++\zlgcan_c++_250624\c++_usbcan_e_u_250626\usbcan_e_u\usbcan_e_u\debug\stdafx.obj
d:\demo\my_win\c++\zlgcan_c++_250624\c++_usbcan_e_u_250626\usbcan_e_u\usbcan_e_u\debug\usbcan_e_u.obj
d:\demo\my_win\c++\zlgcan_c++_250528\c++_usbcan_e_u_250528\usbcan_e_u\debug\usbcan_e_u.ilk
d:\demo\my_win\c++\zlgcan_c++_250528\c++_usbcan_e_u_250528\usbcan_e_u\debug\usbcan_e_u.exe
d:\demo\my_win\c++\zlgcan_c++_250528\c++_usbcan_e_u_250528\usbcan_e_u\debug\usbcan_e_u.pdb
d:\demo\my_win\c++\zlgcan_c++_250624\c++_usbcan_e_u_250626\usbcan_e_u\debug\usbcan_e_u.ilk
d:\demo\my_win\c++\zlgcan_c++_250624\c++_usbcan_e_u_250626\usbcan_e_u\debug\usbcan_e_u.exe
d:\demo\my_win\c++\zlgcan_c++_250624\c++_usbcan_e_u_250626\usbcan_e_u\debug\usbcan_e_u.pdb
e:\demo\windows\c++\zlgcan_c++_251203\c++_usbcan_e_u_251203\usbcan_e_u\usbcan_e_u\debug\stdafx.obj
e:\demo\windows\c++\zlgcan_c++_251203\c++_usbcan_e_u_251203\usbcan_e_u\usbcan_e_u\debug\usbcan_e_u.obj
e:\demo\windows\c++\zlgcan_c++_251203\c++_usbcan_e_u_251203\usbcan_e_u\usbcan_e_u\debug\usbcan_e_u.pch
e:\demo\windows\c++\zlgcan_c++_251203\c++_usbcan_e_u_251203\usbcan_e_u\usbcan_e_u\debug\vc120.idb
e:\demo\windows\c++\zlgcan_c++_251203\c++_usbcan_e_u_251203\usbcan_e_u\usbcan_e_u\debug\vc120.pdb
e:\demo\windows\c++\zlgcan_c++_251203\c++_usbcan_e_u_251203\usbcan_e_u\debug\usbcan_e_u.pdb
e:\demo\windows\c++\zlgcan_c++_251203\c++_usbcan_e_u_251203\usbcan_e_u\debug\usbcan_e_u.exe
e:\demo\windows\c++\zlgcan_c++_251203\c++_usbcan_e_u_251203\usbcan_e_u\debug\usbcan_e_u.ilk
e:\demo\windows\c++\zlgcan_c++_251203\c++_usbcan_e_u_251203\usbcan_e_u\usbcan_e_u\debug\usbcan_e_u.tlog\cl.command.1.tlog
e:\demo\windows\c++\zlgcan_c++_251203\c++_usbcan_e_u_251203\usbcan_e_u\usbcan_e_u\debug\usbcan_e_u.tlog\cl.read.1.tlog
e:\demo\windows\c++\zlgcan_c++_251203\c++_usbcan_e_u_251203\usbcan_e_u\usbcan_e_u\debug\usbcan_e_u.tlog\cl.write.1.tlog
e:\demo\windows\c++\zlgcan_c++_251203\c++_usbcan_e_u_251203\usbcan_e_u\usbcan_e_u\debug\usbcan_e_u.tlog\link.command.1.tlog
e:\demo\windows\c++\zlgcan_c++_251203\c++_usbcan_e_u_251203\usbcan_e_u\usbcan_e_u\debug\usbcan_e_u.tlog\link.read.1.tlog
e:\demo\windows\c++\zlgcan_c++_251203\c++_usbcan_e_u_251203\usbcan_e_u\usbcan_e_u\debug\usbcan_e_u.tlog\link.write.1.tlog
